Unknown:
C:\Users\Administrator\Downloads\CST\antenna_13_4 (1)\Result\farfield (f=2.45)_1.fme
C:\Users\Administrator\Downloads\CST\antenna_13_4 (1)\Result\hardware_resources.sconf
C:\Users\Administrator\Downloads\CST\antenna_13_4 (1)\Result\Hex.gap
C:\Users\Administrator\Downloads\CST\antenna_13_4 (1)\Result\MCalc.ddi
C:\Users\Administrator\Downloads\CST\antenna_13_4 (1)\Result\MCalc.log
C:\Users\Administrator\Downloads\CST\antenna_13_4 (1)\Result\ml_info.log
C:\Users\Administrator\Downloads\CST\antenna_13_4 (1)\Result\Model.axg
C:\Users\Administrator\Downloads\CST\antenna_13_4 (1)\Result\Model.coco
C:\Users\Administrator\Downloads\CST\antenna_13_4 (1)\Result\Model.ddi
C:\Users\Administrator\Downloads\CST\antenna_13_4 (1)\Result\Model.log
C:\Users\Administrator\Downloads\CST\antenna_13_4 (1)\Result\Model.sa
C:\Users\Administrator\Downloads\CST\antenna_13_4 (1)\Result\Model.sam
C:\Users\Administrator\Downloads\CST\antenna_13_4 (1)\Result\ModelPBA.axg
C:\Users\Administrator\Downloads\CST\antenna_13_4 (1)\Result\m^fifx.dsc
C:\Users\Administrator\Downloads\CST\antenna_13_4 (1)\Result\m^fqq.dsc
C:\Users\Administrator\Downloads\CST\antenna_13_4 (1)\Result\Ports.web
C:\Users\Administrator\Downloads\CST\antenna_13_4 (1)\Result\Postprocessing.log
C:\Users\Administrator\Downloads\CST\antenna_13_4 (1)\Result\PP-MCalc.log
C:\Users\Administrator\Downloads\CST\antenna_13_4 (1)\Result\PP-Prio.log
C:\Users\Administrator\Downloads\CST\antenna_13_4 (1)\Result\p^a.dsc
C:\Users\Administrator\Downloads\CST\antenna_13_4 (1)\Result\P^m^fbqq.slog
C:\Users\Administrator\Downloads\CST\antenna_13_4 (1)\Result\P^m^fqq.slog
C:\Users\Administrator\Downloads\CST\antenna_13_4 (1)\Result\P^p^m.slog
C:\Users\Administrator\Downloads\CST\antenna_13_4 (1)\Result\P^s^pm.slog
C:\Users\Administrator\Downloads\CST\antenna_13_4 (1)\Result\WEP.log
Mesh:
C:\Users\Administrator\Downloads\CST\antenna_13_4 (1)\Result\dA.mat
C:\Users\Administrator\Downloads\CST\antenna_13_4 (1)\Result\dad.mat
C:\Users\Administrator\Downloads\CST\antenna_13_4 (1)\Result\ds.mat
C:\Users\Administrator\Downloads\CST\antenna_13_4 (1)\Result\dsd.mat
C:\Users\Administrator\Downloads\CST\antenna_13_4 (1)\Result\dsMCalc.mat
C:\Users\Administrator\Downloads\CST\antenna_13_4 (1)\Result\Eps.mat
C:\Users\Administrator\Downloads\CST\antenna_13_4 (1)\Result\HexMatrix.m2h
C:\Users\Administrator\Downloads\CST\antenna_13_4 (1)\Result\HexMatrix_MCalc.m2h
C:\Users\Administrator\Downloads\CST\antenna_13_4 (1)\Result\Kappa.mat
C:\Users\Administrator\Downloads\CST\antenna_13_4 (1)\Result\MCalc.fmp
C:\Users\Administrator\Downloads\CST\antenna_13_4 (1)\Result\MCalc.xcfd
C:\Users\Administrator\Downloads\CST\antenna_13_4 (1)\Result\MCalcCCS_c.mson
C:\Users\Administrator\Downloads\CST\antenna_13_4 (1)\Result\Meta.m2h
C:\Users\Administrator\Downloads\CST\antenna_13_4 (1)\Result\Meta.mat
C:\Users\Administrator\Downloads\CST\antenna_13_4 (1)\Result\Model-fmf.msqlite
C:\Users\Administrator\Downloads\CST\antenna_13_4 (1)\Result\Model.cct
C:\Users\Administrator\Downloads\CST\antenna_13_4 (1)\Result\Model.fmf
C:\Users\Administrator\Downloads\CST\antenna_13_4 (1)\Result\Model.fmm
C:\Users\Administrator\Downloads\CST\antenna_13_4 (1)\Result\Model.fpc
C:\Users\Administrator\Downloads\CST\antenna_13_4 (1)\Result\Model.fwf
C:\Users\Administrator\Downloads\CST\antenna_13_4 (1)\Result\Model.sic
C:\Users\Administrator\Downloads\CST\antenna_13_4 (1)\Result\Model.sid
C:\Users\Administrator\Downloads\CST\antenna_13_4 (1)\Result\Model.spi
C:\Users\Administrator\Downloads\CST\antenna_13_4 (1)\Result\Model.xcfd
C:\Users\Administrator\Downloads\CST\antenna_13_4 (1)\Result\Mue.mat
C:\Users\Administrator\Downloads\CST\antenna_13_4 (1)\Result\m^fqq.mem
C:\Users\Administrator\Downloads\CST\antenna_13_4 (1)\Result\PEC.mat
C:\Users\Administrator\Downloads\CST\antenna_13_4 (1)\Result\Ports.fpt
C:\Users\Administrator\Downloads\CST\antenna_13_4 (1)\Result\p^a.mem
C:\Users\Administrator\Downloads\CST\antenna_13_4 (1)\Result\p^m.mem
C:\Users\Administrator\Downloads\CST\antenna_13_4 (1)\Result\Rho.mat
C:\Users\Administrator\Downloads\CST\antenna_13_4 (1)\Result\S2HMatrix.m2h
C:\Users\Administrator\Downloads\CST\antenna_13_4 (1)\Result\Shapes.con
C:\Users\Administrator\Downloads\CST\antenna_13_4 (1)\Result\s^pm.mem
Port:
C:\Users\Administrator\Downloads\CST\antenna_13_4 (1)\Result\Model.pmi
