2025-04-26 04:12:35   Defined reference frequency for open boundary condition (2.5 GHz) is larger
                      than the lowest relevant system frequency (monitor at 2.45 GHz).
                      Please check the Settings for PML Boundary (Simulation > Settings > Boundary
                      Conditions > Open Boundary) to ensure accurate monitor results for the lowest
                      frequency of interest. More...

                      ------------------------------------------------------------------------------
2025-04-26 04:12:35   Due to unspecified frequency setting the evaluation of the constant tangent
                      delta model "EFR32(PCB1)/FR4" is performed at the center frequency of 2.5 GHz.

                      ------------------------------------------------------------------------------
2025-04-26 04:12:36   The following farfield monitor(s) have been adjusted to model box [-0.438297,
                      41.192, -0.453366, 62.5203, -1.44709, 2.37336]:
                        farfield (f=2.45).
                      For further information please check the page "Special Solver Parameters -
                      Solver" in the Online Help.

                      ------------------------------------------------------------------------------
2025-04-26 04:12:36   
                      Solver started at: 2025-04-26 04:12:36 +0700

                        Module:  Time Domain: S-Parameter (Win 64)
                        Version: 2024.1 Release from 2023-10-16 (change 1181985)

2025-04-26 04:12:36   

                      ------------------------------------------------------------------------------
2025-04-26 04:12:36   

                      ------------------------------------------------------------------------------
2025-04-26 04:12:36   ======================================================================
                       Solver cycle: 1
                      ======================================================================

                      Stimulation at discrete port 1 



                      ------------------------------------------------------------------------------
2025-04-26 04:12:36   Units settings: 

                        Dimensions: mm
                        Frequency:  GHz
                        Time:       ns

                      ------------------------------------------------------------------------------
2025-04-26 04:12:36   The dispersive material update [Automatic] will be performed using the "Standard" update schema

                      ------------------------------------------------------------------------------
2025-04-26 04:13:43   The following lumped face elements are connected to metal material:
                      	EFR32(PCB1):C1, EFR32(PCB1):C2, EFR32(PCB1):C3, EFR32(PCB1):C4, EFR32(PCB1):C5
                      	EFR32(PCB1):C6, EFR32(PCB1):C7, EFR32(PCB1):C8, EFR32(PCB1):C9
                      	EFR32(PCB1):C10, EFR32(PCB1):C11, EFR32(PCB1):C12, EFR32(PCB1):C13
                      	EFR32(PCB1):C14, EFR32(PCB1):C18, EFR32(PCB1):C19, EFR32(PCB1):C20
                      	EFR32(PCB1):L1, EFR32(PCB1):L2, EFR32(PCB1):L3, EFR32(PCB1):R1, EFR32(PCB1):R2
                      	EFR32(PCB1):R3, EFR32(PCB1):R4, EFR32(PCB1):R7, EFR32(PCB1):R8, EFR32(PCB1):R9
                      	EFR32(PCB1):R12, EFR32(PCB1):R13

                      ------------------------------------------------------------------------------
2025-04-26 04:13:43   The following discrete edge port is connected to metal material:
                      	1

                      ------------------------------------------------------------------------------
2025-04-26 04:13:43   The following lumped edge element is connected to metal material:
                      	EFR32(PCB1):element1

                      ------------------------------------------------------------------------------
2025-04-26 04:13:46   Mesh statistics:

                         Hexahedral mesh type: Perfect Boundary Approximation (PBA)
                            Version: default

                         Parallelization type: domain decomposition
                            Number of parallel working threads: 10
                            Number of calculation domains used: 24

                         Used point accuracy enhancement value: 0.00%.
                         Acceleration mode: CPU
                         PBA fill limit: 85.00% (inverse)

2025-04-26 04:13:51   Voltage/current monitoring has not been activated for some lumped elements. Please note that these elements are not 
                      considered in the Power Loss 1D signal curves.

                      ------------------------------------------------------------------------------
2025-04-26 04:13:51   Boundary conditions: 

                        YZsymmetry: none
                        XZsymmetry: none
                        XYsymmetry: none

                        Xmin: expanded open, 4 Layer, depth 22.1438 mm
                        Xmax: expanded open, 4 Layer, depth 20.9443 mm

                        Ymin: expanded open, 4 Layer, depth 21.9674 mm
                        Ymax: expanded open, 4 Layer, depth 21.0171 mm

                        Zmin: expanded open, 4 Layer, depth 21.1091 mm
                        Zmax: expanded open, 4 Layer, depth 22.6089 mm

                        PML-Type: Convolution PML

                      ------------------------------------------------------------------------------
2025-04-26 04:13:51   Frequency settings: 

                        Fmin:         1.5
                        Fmax:         3.5
                        Nfsteps(lin): 1001

                      ------------------------------------------------------------------------------
2025-04-26 04:13:52   Field update statistics:

                        Number of components in total: 	15888046
                        Number of lossy metal components:	555257
                        Number of disp. elements:		799668

                      Subcycling state:      			Automatically deactivated

                      ------------------------------------------------------------------------------
2025-04-26 04:13:52   Port: 1

2025-04-26 04:13:52     Discrete element, reference impedance = 50 Ohm

                      ------------------------------------------------------------------------------
2025-04-26 04:35:24   
                      --------------------------------------------------------------------------------
2025-04-26 04:35:24   Steady state energy criterion met, solver finished successfully.

                      ------------------------------------------------------------------------------
2025-04-26 04:35:24   Frequency domain results normalized to default signal.


                      ------------------------------------------------------------------------------
2025-04-26 04:35:24   
                        ----------------------------------------------------------------------------
                                            Peak memory used (kB)         Free physical memory (kB) 
                                                                          At begin     Minimum      
                        ----------------------------------------------------------------------------
                        CAD preparation     230164                        21177860     20976400     
                        Matrices calc.      2279377                       21163085     18840820     
                        Solver run total    953176                        21191056     18850284     
                        ----------------------------------------------------------------------------

                      --------------------------------------------------------------------------------
                      Solver Statistics:

                        Hardware:
                           Computer name:                 	MAY-82 

                           Number of CPU threads:               6
                           Hardware info:                  	Hardware Accelerator Device not activated

                        Number of mesh cells:             	2583636
                        Excitation duration:              	3.55454875e+000 ns 
                        Calculation time for excitation:  	0 	s
                        Number of calculated pulse widths:	4.87026 
                        Steady state accuracy limit:      	-40	dB 
                        Simulated number of time steps:   	52962 
                        Maximum number of time steps:     	217491 
                        Time step width:
                           without subcycles:             	3.268680758e-004 ns
                           used:                          	3.268680758e-004 ns

                        CAD preparation time:             	3      	s
                        Matrix calculation time:          	67 	s
                        Solver setup time:                	6 	s
                        Solver loop time:                 	1288 	s
                        Solver post-processing time:      	2 	s
                                                          	------------
                        Total solver time:                	1366 	s  ( = 0 h, 22 m, 46 s )

                      ------------------------------------------------------------------------------
2025-04-26 04:35:24   
                        Total solver time (all cycles):      	1366   	s  ( = 0 h, 22 m, 46 s )
                        Solver initialization and clean-up:  	1      	s
                                                             	------------
                        Total simulation time:               	1367   	s  ( = 0 h, 22 m, 47 s )

                      ------------------------------------------------------------------------------
2025-04-26 04:35:24   Solver finished at: 2025-04-26 04:35:24 +0700



                      ------------------------------------------------------------------------------
2025-04-26 04:35:30   Creating parametric 1D results for Run ID 1

                      ------------------------------------------------------------------------------
