Unknown:
Mesh:
C:\Users\Administrator\Downloads\CST\net26_4\Result\dA.mat
C:\Users\Administrator\Downloads\CST\net26_4\Result\dad.mat
C:\Users\Administrator\Downloads\CST\net26_4\Result\ds.mat
C:\Users\Administrator\Downloads\CST\net26_4\Result\dsd.mat
C:\Users\Administrator\Downloads\CST\net26_4\Result\dsMCalc.mat
C:\Users\Administrator\Downloads\CST\net26_4\Result\Eps.mat
C:\Users\Administrator\Downloads\CST\net26_4\Result\HexMatrix.m2h
C:\Users\Administrator\Downloads\CST\net26_4\Result\HexMatrix^f^d^1.m2h
C:\Users\Administrator\Downloads\CST\net26_4\Result\HexMatrix^f^n^1.m2h
C:\Users\Administrator\Downloads\CST\net26_4\Result\HexMatrix_MCalc.m2h
C:\Users\Administrator\Downloads\CST\net26_4\Result\Kappa.mat
C:\Users\Administrator\Downloads\CST\net26_4\Result\MCalc.fmp
C:\Users\Administrator\Downloads\CST\net26_4\Result\MCalc.xcfd
C:\Users\Administrator\Downloads\CST\net26_4\Result\MCalcCCS_c.mson
C:\Users\Administrator\Downloads\CST\net26_4\Result\Meta.m2h
C:\Users\Administrator\Downloads\CST\net26_4\Result\Model-fmf.msqlite
C:\Users\Administrator\Downloads\CST\net26_4\Result\Model.cct
C:\Users\Administrator\Downloads\CST\net26_4\Result\Model.fmf
C:\Users\Administrator\Downloads\CST\net26_4\Result\Model.fmm
C:\Users\Administrator\Downloads\CST\net26_4\Result\Model.fpc
C:\Users\Administrator\Downloads\CST\net26_4\Result\Model.fwf
C:\Users\Administrator\Downloads\CST\net26_4\Result\Model.sic
C:\Users\Administrator\Downloads\CST\net26_4\Result\Model.sid
C:\Users\Administrator\Downloads\CST\net26_4\Result\Model.spi
C:\Users\Administrator\Downloads\CST\net26_4\Result\Model.xcfd
C:\Users\Administrator\Downloads\CST\net26_4\Result\Mue.mat
C:\Users\Administrator\Downloads\CST\net26_4\Result\m^fqq.mem
C:\Users\Administrator\Downloads\CST\net26_4\Result\PEC.mat
C:\Users\Administrator\Downloads\CST\net26_4\Result\Ports.fpt
C:\Users\Administrator\Downloads\CST\net26_4\Result\p^a.mem
C:\Users\Administrator\Downloads\CST\net26_4\Result\p^m.mem
C:\Users\Administrator\Downloads\CST\net26_4\Result\Rho.mat
C:\Users\Administrator\Downloads\CST\net26_4\Result\S2HMatrix.m2h
C:\Users\Administrator\Downloads\CST\net26_4\Result\Shapes.con
C:\Users\Administrator\Downloads\CST\net26_4\Result\s^pm.mem
Port:
C:\Users\Administrator\Downloads\CST\net26_4\Result\Model.pmi
