2025-04-26 03:52:53   Defined reference frequency for open boundary condition (2.5 GHz) is larger
                      than the lowest relevant system frequency (monitor at 2.45 GHz).
                      Please check the Settings for PML Boundary (Simulation > Settings > Boundary
                      Conditions > Open Boundary) to ensure accurate monitor results for the lowest
                      frequency of interest. More...

                      ------------------------------------------------------------------------------
2025-04-26 03:52:53   Due to unspecified frequency setting the evaluation of the constant tangent
                      delta model "Antena(PCB1)/FR4" is performed at the center frequency of 2.5 GHz.

                      ------------------------------------------------------------------------------
2025-04-26 03:52:53   The following farfield monitor(s) have been adjusted to model box [-1.15743,
                      42.3841, -1.76992, 62.7916, -1.44783, 2.36618]:
                        farfield (f=2.45).
                      For further information please check the page "Special Solver Parameters -
                      Solver" in the Online Help.

                      ------------------------------------------------------------------------------
2025-04-26 03:52:53   
                      Solver started at: 2025-04-26 03:52:53 +0700

                        Module:  Time Domain: S-Parameter (Win 64)
                        Version: 2024.1 Release from 2023-10-16 (change 1181985)

2025-04-26 03:52:53   

                      ------------------------------------------------------------------------------
2025-04-26 03:52:53   

                      ------------------------------------------------------------------------------
2025-04-26 03:52:53   ======================================================================
                       Solver cycle: 1
                      ======================================================================

                      Stimulation at discrete port 1 



                      ------------------------------------------------------------------------------
2025-04-26 03:52:53   Units settings: 

                        Dimensions: mm
                        Frequency:  GHz
                        Time:       ns

                      ------------------------------------------------------------------------------
2025-04-26 03:52:53   The dispersive material update [Automatic] will be performed using the "Standard" update schema

                      ------------------------------------------------------------------------------
2025-04-26 03:53:22   The following discrete edge port is connected to metal material:
                      	1

                      ------------------------------------------------------------------------------
2025-04-26 03:53:22   *** Warning ***

2025-04-26 03:53:22   7 mesh edges are partially filled with PEC.
                       More...

                      ------------------------------------------------------------------------------
2025-04-26 03:53:22   Mesh statistics:

                         Hexahedral mesh type: Perfect Boundary Approximation (PBA)
                            Version: default

                         Parallelization type: domain decomposition
                            Number of parallel working threads: 4
                            Number of calculation domains used: 8

                         Used point accuracy enhancement value: 0.00%.
                         Acceleration mode: CPU
                         PBA fill limit: 85.00% (inverse)

2025-04-26 03:53:23   Boundary conditions: 

                        YZsymmetry: none
                        XZsymmetry: none
                        XYsymmetry: none

                        Xmin: expanded open, 4 Layer, depth 20.6579 mm
                        Xmax: expanded open, 4 Layer, depth 22.7669 mm

                        Ymin: expanded open, 4 Layer, depth 22.6789 mm
                        Ymax: expanded open, 4 Layer, depth 22.1269 mm

                        Zmin: expanded open, 4 Layer, depth 21.1081 mm
                        Zmax: expanded open, 4 Layer, depth 22.0544 mm

                        PML-Type: Convolution PML

                      ------------------------------------------------------------------------------
2025-04-26 03:53:23   Frequency settings: 

                        Fmin:         1.5
                        Fmax:         3.5
                        Nfsteps(lin): 1001

                      ------------------------------------------------------------------------------
2025-04-26 03:53:23   Field update statistics:

                        Number of components in total: 	2060801
                        Number of TST and special elements:	14463
                        Number of lossy metal components:	90985
                        Number of disp. elements:		83654

                      Subcycling state:      			Automatically deactivated

                      ------------------------------------------------------------------------------
2025-04-26 03:53:23   Port: 1

2025-04-26 03:53:23     Discrete element, reference impedance = 50 Ohm

                      ------------------------------------------------------------------------------
2025-04-26 03:53:44   
                      --------------------------------------------------------------------------------
2025-04-26 03:53:44   Steady state energy criterion met, solver finished successfully.

                      ------------------------------------------------------------------------------
2025-04-26 03:53:44   Frequency domain results normalized to default signal.


                      ------------------------------------------------------------------------------
2025-04-26 03:53:44   
                        ----------------------------------------------------------------------------
                                            Peak memory used (kB)         Free physical memory (kB) 
                                                                          At begin     Minimum      
                        ----------------------------------------------------------------------------
                        CAD preparation     15136                         21276752     21276752     
                        Matrices calc.      809135                        21274414     20496093     
                        Solver run total    179724                        21300048     20573772     
                        ----------------------------------------------------------------------------

                      --------------------------------------------------------------------------------
                      Solver Statistics:

                        Hardware:
                           Computer name:                 	MAY-82 

                           Number of CPU threads:               6
                           Hardware info:                  	Hardware Accelerator Device not activated

                        Number of mesh cells:             	332189
                        Excitation duration:              	3.55454875e+000 ns 
                        Calculation time for excitation:  	0 	s
                        Number of calculated pulse widths:	1.30936 
                        Steady state accuracy limit:      	-40	dB 
                        Simulated number of time steps:   	6125 
                        Maximum number of time steps:     	93557 
                        Time step width:
                           without subcycles:             	7.598663112e-004 ns
                           used:                          	7.598663112e-004 ns

                        CAD preparation time:             	1      	s
                        Matrix calculation time:          	28 	s
                        Solver setup time:                	0 	s
                        Solver loop time:                 	20 	s
                        Solver post-processing time:      	0 	s
                                                          	------------
                        Total solver time:                	49 	s

                      ------------------------------------------------------------------------------
2025-04-26 03:53:44   
                        Total solver time (all cycles):      	49     	s
                        Solver initialization and clean-up:  	1      	s
                                                             	------------
                        Total simulation time:               	50     	s

                      ------------------------------------------------------------------------------
2025-04-26 03:53:44   Solver finished at: 2025-04-26 03:53:44 +0700



                      ------------------------------------------------------------------------------
2025-04-26 03:53:48   Creating parametric 1D results for Run ID 2

                      ------------------------------------------------------------------------------
